fffffff0070c0318  ADR     X0, #0xfffffff00701f698
fffffff0070c031c  ADRP    X8, #0xfffffff00757b000
