fffffff0070c0000  BLR     X8
fffffff0070c0004  BR      X10
fffffff0070c0008  RET
