fffffff00744ab54  CBNZ    X9, #0xfffffff00744ab78
fffffff00744ab58  CBZ     X1, #0xfffffff00744ab84
