fffffff0070c0000  CMN     X20, #0x1
fffffff0070c0004  CMN     W8, W9
fffffff0070c0008  CMN     X11, W25, SXTW #4
