fffffff0070c0000  CMP     X9, #0xe
fffffff0070c0004  CMP     W11, W8
fffffff0070c0008  CMP     W14, W8, UXTH
