fffffff0070c0000  SBC     W0, W0, W0
fffffff0070c0004  SBCS    X16, X16, X17
