fffffff0070c0000  SUBS    X5, X5, #0x100
fffffff0070c0004  SUBS    X14, X9, X8
fffffff0070c0008  SUBS    W8, W8, W10, UXTB
